Tải roster...
  126 tướng.
  [1/126] Flowborn — 4 kỹ năng
  [2/126] Flowborn — 4 kỹ năng
  [3/126] Dyadia — 4 kỹ năng
  [4/126] Edras — 4 kỹ năng
  [5/126] Goverra — 4 kỹ năng
  [6/126] Heino — 4 kỹ năng
  [7/126] Billow — 4 kỹ năng
  [8/126] Bolt Baron — 4 kỹ năng
  [9/126] Biron — 4 kỹ năng
  [10/126] Dolia — 4 kỹ năng
  [11/126] Charlotte — 4 kỹ năng
  [12/126] Tachi — 4 kỹ năng
  [13/126] Dirak — 4 kỹ năng
  [14/126] Qi — 4 kỹ năng
  [15/126] Erin — 4 kỹ năng
  [16/126] Ming — 4 kỹ năng
  [17/126] Bijan — 4 kỹ năng
  [18/126] Bonnie — 4 kỹ năng
  [19/126] Teeri — 4 kỹ năng
  [20/126] Yue — 4 kỹ năng
  [21/126] Yan — 4 kỹ năng
  [22/126] Aya — 4 kỹ năng
  [23/126] Aoi — 4 kỹ năng
  [24/126] Iggy — 4 kỹ năng
  [25/126] Bright — 4 kỹ năng
  [26/126] Lorion — 4 kỹ năng
  [27/126] Dextra — 4 kỹ năng
  [28/126] Sinestrea — 4 kỹ năng
  [29/126] Thorne — 4 kỹ năng
  [30/126] Allain — 4 kỹ năng
  [31/126] Zata — 4 kỹ năng
  [32/126] Rouie — 4 kỹ năng
  [33/126] Laville — 4 kỹ năng
  [34/126] Paine — 4 kỹ năng
  [35/126] Ata — 4 kỹ năng
  [36/126] Keera — 4 kỹ năng
  [37/126] Ishar — 4 kỹ năng
  [38/126] Eland’orr — 4 kỹ năng
  [39/126] Krizzix — 4 kỹ năng
  [40/126] Volkath — 4 kỹ năng
  [41/126] Celica — 4 kỹ năng
  [42/126] Zip — 4 kỹ năng
  [43/126] Enzo — 4 kỹ năng
  [44/126] Yena — 4 kỹ năng
  [45/126] Errol — 4 kỹ năng
  [46/126] Capheny — 4 kỹ năng
  [47/126] Hayate — 4 kỹ năng
  [48/126] D’Arcy — 4 kỹ năng
  [49/126] Veres — 4 kỹ năng
  [50/126] Florentino — 4 kỹ năng
  [51/126] Sephera — 4 kỹ năng
  [52/126] Quillen — 4 kỹ năng
  [53/126] Wiro — 4 kỹ năng
  [54/126] Richter — 3 kỹ năng
  [55/126] Elsu — 4 kỹ năng
  [56/126] Y’bneth — 4 kỹ năng
  [57/126] Amily — 4 kỹ năng
  [58/126] Annette — 4 kỹ năng
  [59/126] Baldum — 4 kỹ năng
  [60/126] Roxie — 4 kỹ năng
  [61/126] Marja — 4 kỹ năng
  [62/126] Rourke — 4 kỹ năng
  [63/126] Arum — 4 kỹ năng
  [64/126] Wisp — 4 kỹ năng
  [65/126] The Flash — 4 kỹ năng
  [66/126] Max — 4 kỹ năng
  [67/126] Liliana — 4 kỹ năng
  [68/126] Tulen — 4 kỹ năng
  [69/126] Omen — 4 kỹ năng
  [70/126] Lindis — 4 kỹ năng
  [71/126] TeeMee — 4 kỹ năng
  [72/126] Moren — 4 kỹ năng
  [73/126] Kil’Groth — 4 kỹ năng
  [74/126] Xeniel — 4 kỹ năng
  [75/126] Wonder Woman — 4 kỹ năng
  [76/126] Superman — 4 kỹ năng
  [77/126] Tel’Annas — 4 kỹ năng
  [78/126] Astrid — 4 kỹ năng
  [79/126] Ryoma — 4 kỹ năng
  [80/126] Stuart — 4 kỹ năng
  [81/126] Arduin — 4 kỹ năng
  [82/126] Zill — 4 kỹ năng
  [83/126] Murad — 4 kỹ năng
  [84/126] Ignis — 4 kỹ năng
  [85/126] Zuka — 4 kỹ năng
  [86/126] Airi — 4 kỹ năng
  [87/126] Kaine — 4 kỹ năng
  [88/126] Lauriel — 4 kỹ năng
  [89/126] Raz — 4 kỹ năng
  [90/126] Skud — 4 kỹ năng
  [91/126] Preyta — 4 kỹ năng
  [92/126] Ilumia — 4 kỹ năng
  [93/126] Slimz — 4 kỹ năng
  [94/126] Arthur — 4 kỹ năng
  [95/126] Kriknak — 4 kỹ năng
  [96/126] Ngộ Không — 4 kỹ năng
  [97/126] Maloch — 4 kỹ năng
  [98/126] Helen — 4 kỹ năng
  [99/126] Jinna — 4 kỹ năng
  [100/126] Cresht — 4 kỹ năng
  [101/126] Natalya — 4 kỹ năng
  [102/126] Lumburr — 4 kỹ năng
  [103/126] Fennik — 4 kỹ năng
  [104/126] Aleister — 4 kỹ năng
  [105/126] Nakroth — 4 kỹ năng
  [106/126] Taara — 4 kỹ năng
  [107/126] Toro — 4 kỹ năng
  [108/126] Yorn — 4 kỹ năng
  [109/126] Alice — 4 kỹ năng
  [110/126] Azzen’Ka — 4 kỹ năng
  [111/126] Ormarr — 4 kỹ năng
  [112/126] Butterfly — 4 kỹ năng
  [113/126] Violet — 4 kỹ năng
  [114/126] Chaugnar — 4 kỹ năng
  [115/126] Điêu Thuyền — 4 kỹ năng
  [116/126] Zephys — 4 kỹ năng
  [117/126] Kahlii — 4 kỹ năng
  [118/126] Omega — 4 kỹ năng
  [119/126] Triệu Vân — 4 kỹ năng
  [120/126] Mganga — 4 kỹ năng
  [121/126] Krixi — 4 kỹ năng
  [122/126] Mina — 4 kỹ năng
  [123/126] Lữ Bố — 4 kỹ năng
  [124/126] Veera — 4 kỹ năng
  [125/126] Thane — 4 kỹ năng
  [126/126] Valhein — 4 kỹ năng
[OK] 126 tướng (126 có kỹ năng) -> D:\lqmeta\data\garena_heroes.json
